=== Old Resource List ===
Resource type: ip [NEEDSTOP]
Instances: 1/1
Agent: ip.sh
Attributes:
  address = 192.168.1.2 [ primary unique ]
  monitor_link = 1
  nfslock [ inherit("service%nfslock") ]

Resource type: script
Agent: script.sh
Attributes:
  name = initscript [ primary unique ]
  file = /etc/init.d/sshd [ unique required ]
  service_name [ inherit("service%name") ]

Resource type: service
Instances: 1/1
Agent: service.sh
Attributes:
  name = test1 [ primary unique required ]

=== New Resource List ===
Resource type: ip [NEEDSTART]
Instances: 1/1
Agent: ip.sh
Attributes:
  address = 192.168.1.2 [ primary unique ]
  monitor_link = yes
  nfslock [ inherit("service%nfslock") ]

Resource type: script
Agent: script.sh
Attributes:
  name = initscript [ primary unique ]
  file = /etc/init.d/sshd [ unique required ]
  service_name [ inherit("service%name") ]

Resource type: service
Instances: 1/1
Agent: service.sh
Attributes:
  name = test1 [ primary unique required ]

=== Old Resource Tree ===
service {
  name = "test1";
  ip [ NEEDSTOP ] {
    address = "192.168.1.2";
    monitor_link = "1";
      }
  script {
    name = "initscript";
    file = "/etc/init.d/sshd";
    service_name = "test1";
  }
}
=== New Resource Tree ===
service {
  name = "test1";
  ip [ NEEDSTART ] {
    address = "192.168.1.2";
    monitor_link = "yes";
      }
  script {
    name = "initscript";
    file = "/etc/init.d/sshd";
    service_name = "test1";
  }
}
