=== Resources List ===
Resource type: service [INLINE]
Instances: 1/1
Agent: service.sh
Attributes:
  name = test1 [ primary unique required ]

=== Resource Tree ===
service {
  name = "test1";
}
