Starting test1...
[start] service:test1
Start of test1 complete
