Starting test1...
[start] service:test1
[start] script:initscript
Start of test1 complete
