Stopping test1...
[stop] clusterfs:argle
[stop] script:initscript
[stop] nfsclient:red
[stop] nfsclient:User group
[stop] nfsclient:Admin group
[stop] nfsexport:Dummy Export
[stop] fs:mount1
[stop] service:test1
Stop of test1 complete
Stopping test2...
[stop] script:script3
[stop] ip:192.168.1.4
[stop] script:script2
[stop] nfsclient:red
[stop] nfsclient:User group
[stop] nfsclient:Admin group
[stop] nfsexport:Dummy Export
[stop] fs:mount2
[stop] ip:192.168.1.3
[stop] clusterfs:argle
[stop] script:initscript
[stop] service:test2
Stop of test2 complete
