Stopping test1...
[stop] script:initscript
[stop] service:test1
Stop of test1 complete
