Stopping test1...
[stop] service:test1
Stop of test1 complete
